SUCCESS | User: bima
  User ID       : 289
  Method        : Mahalanobis + OCSVM
  History Count : 67 sampel
  Score         : 0.8969
  Threshold     : 0.7000
  Speed Dev     : 20.0%
  Reason        : Score: 0.90 | ACCEPT
  --- Mahalanobis Gate ---
  Distance      : 3.4974
  Current Gate  : 7.0612
  --- OCSVM Gate ---
  AI Score      : 0.9998
  AI Status     : Normal (High Trust)
  --- Adaptive Gate ---
  Speed Gate    : 40.0%
  Threshold     : 0.6200
  --- Titanium Fusion Gate ---
  Rhythm    (40%) : 88.8%  [Euclidean Distance]
  Corr.     (20%) : 97.9%  [Pearson Coefficient]
  Speed     (20%) : 49.5%  [Global CPM]
  Flow      (20%) : 99.4%  [Acceleration]
  Ratio     (0%)  : 94.4%
  Stability (0%)  : 94.1%
  --- Raw Keystroke Data ---
  Speed         : 462.3900 char/s
  Dwell (10)    : [0.086, 0.163, 0.114, 0.076, 0.075, 0.133, 0.051, 0.066, 0.105, 0.093]
  Flight (9)   : [0.000, 0.099, 0.002, 0.119, 0.058, 0.144, 0.139, 0.019, 0.110]
  D2D (9)      : [0.070, 0.114, 0.117, 0.194, 0.133, 0.086, 0.191, 0.085, 0.215]
  U2U (9)      : [0.147, 0.066, 0.078, 0.194, 0.191, 0.004, 0.205, 0.124, 0.203]
  History Updated: Ya
------------------------------------------------------------
SUCCESS | User: bima
  User ID       : 289
  Method        : Mahalanobis + OCSVM
  History Count : 68 sampel
  Score         : 0.7613
  Threshold     : 0.7000
  Speed Dev     : 28.2%
  Reason        : Score: 0.76 | ACCEPT
  --- Mahalanobis Gate ---
  Distance      : 2.5045
  Current Gate  : 7.0387
  --- OCSVM Gate ---
  AI Score      : 0.9660
  AI Status     : Normal (High Trust)
  --- Adaptive Gate ---
  Speed Gate    : 40.0%
  Threshold     : 0.6200
  --- Titanium Fusion Gate ---
  Rhythm    (40%) : 73.9%  [Euclidean Distance]
  Corr.     (20%) : 91.7%  [Pearson Coefficient]
  Speed     (20%) : 41.9%  [Global CPM]
  Flow      (20%) : 64.4%  [Acceleration]
  Ratio     (0%)  : 85.2%
  Stability (0%)  : 80.9%
  --- Raw Keystroke Data ---
  Speed         : 240.2100 char/s
  Dwell (10)    : [0.090, 0.151, 0.131, 0.073, 0.067, 0.135, 0.074, 0.073, 0.101, 0.098]
  Flight (9)   : [0.813, 0.948, 0.027, 0.132, 0.254, 0.377, 0.119, 0.049, 0.139]
  D2D (9)      : [0.903, 0.136, 0.158, 0.205, 0.321, 0.123, 0.193, 0.122, 0.240]
  U2U (9)      : [0.963, 0.116, 0.100, 0.199, 0.389, 0.062, 0.192, 0.151, 0.236]
  History Updated: Tidak
------------------------------------------------------------
SUCCESS | User: haikal
  User ID       : 291
  Method        : Mahalanobis + OCSVM
  History Count : 22 sampel
  Score         : 0.7833
  Threshold     : 0.7000
  Speed Dev     : 11.4%
  Reason        : Score: 0.78 | ACCEPT
  --- Mahalanobis Gate ---
  Distance      : 3.1028
  Current Gate  : 5.6188
  --- OCSVM Gate ---
  AI Score      : 0.4724
  AI Status     : Caution (Manual Review Pattern)
  --- Adaptive Gate ---
  Speed Gate    : 40.0%
  Threshold     : 0.7200
  --- Titanium Fusion Gate ---
  Rhythm    (40%) : 73.4%  [Euclidean Distance]
  Corr.     (20%) : 84.6%  [Pearson Coefficient]
  Speed     (20%) : 64.9%  [Global CPM]
  Flow      (20%) : 93.2%  [Acceleration]
  Ratio     (0%)  : 84.4%
  Stability (0%)  : 83.5%
  --- Raw Keystroke Data ---
  Speed         : 458.0400 char/s
  Dwell (13)    : [0.078, 0.103, 0.077, 0.098, 0.138, 0.058, 0.084, 0.091, 0.083, 0.084, 0.069, 0.096, 0.071]
  Flight (12)   : [0.000, 0.032, 0.069, 0.002, 0.125, 0.164, 0.004, 0.015, 0.151, 0.002, 0.061, 0.113]
  D2D (12)      : [0.055, 0.135, 0.146, 0.100, 0.123, 0.222, 0.088, 0.106, 0.234, 0.086, 0.129, 0.209]
  U2U (12)      : [0.081, 0.109, 0.167, 0.140, 0.043, 0.248, 0.095, 0.098, 0.235, 0.071, 0.156, 0.184]
  History Updated: Ya
------------------------------------------------------------
SUCCESS | User: bima
  User ID       : 289
  Method        : Mahalanobis + OCSVM
  History Count : 68 sampel
  Score         : 0.8484
  Threshold     : 0.7000
  Speed Dev     : 24.3%
  Reason        : Score: 0.85 | ACCEPT
  --- Mahalanobis Gate ---
  Distance      : 2.1576
  Current Gate  : 7.0387
  --- OCSVM Gate ---
  AI Score      : 0.9979
  AI Status     : Normal (High Trust)
  --- Adaptive Gate ---
  Speed Gate    : 40.0%
  Threshold     : 0.7000
  --- Titanium Fusion Gate ---
  Rhythm    (40%) : 83.9%  [Euclidean Distance]
  Corr.     (20%) : 94.8%  [Pearson Coefficient]
  Speed     (20%) : 42.8%  [Global CPM]
  Flow      (20%) : 98.7%  [Acceleration]
  Ratio     (0%)  : 90.7%
  Stability (0%)  : 91.1%
  --- Raw Keystroke Data ---
  Speed         : 459.5900 char/s
  Dwell (10)    : [0.079, 0.121, 0.128, 0.068, 0.073, 0.134, 0.068, 0.073, 0.123, 0.067]
  Flight (9)   : [0.029, 0.113, 0.079, 0.119, 0.055, 0.146, 0.133, 0.023, 0.105]
  D2D (9)      : [0.108, 0.084, 0.116, 0.187, 0.128, 0.091, 0.201, 0.096, 0.229]
  U2U (9)      : [0.150, 0.091, 0.056, 0.192, 0.189, 0.025, 0.206, 0.147, 0.172]
  History Updated: Ya
------------------------------------------------------------
SUCCESS | User: bima
  User ID       : 289
  Method        : Mahalanobis + OCSVM
  History Count : 69 sampel
  Score         : 0.8375
  Threshold     : 0.7000
  Speed Dev     : 19.3%
  Reason        : Score: 0.84 | ACCEPT
  --- Mahalanobis Gate ---
  Distance      : 1.5765
  Current Gate  : 7.0375
  --- OCSVM Gate ---
  AI Score      : 0.9999
  AI Status     : Normal (High Trust)
  --- Adaptive Gate ---
  Speed Gate    : 40.0%
  Threshold     : 0.7000
  --- Titanium Fusion Gate ---
  Rhythm    (40%) : 81.7%  [Euclidean Distance]
  Corr.     (20%) : 94.3%  [Pearson Coefficient]
  Speed     (20%) : 51.6%  [Global CPM]
  Flow      (20%) : 98.1%  [Acceleration]
  Ratio     (0%)  : 87.6%
  Stability (0%)  : 84.4%
  --- Raw Keystroke Data ---
  Speed         : 464.7200 char/s
  Dwell (10)    : [0.089, 0.149, 0.080, 0.052, 0.076, 0.108, 0.068, 0.068, 0.106, 0.078]
  Flight (9)   : [0.002, 0.140, 0.003, 0.122, 0.078, 0.148, 0.135, 0.015, 0.111]
  D2D (9)      : [0.091, 0.137, 0.084, 0.175, 0.154, 0.071, 0.203, 0.083, 0.217]
  U2U (9)      : [0.151, 0.069, 0.056, 0.198, 0.185, 0.031, 0.203, 0.121, 0.189]
  History Updated: Ya
------------------------------------------------------------
SUCCESS | User: bima
  User ID       : 289
  Method        : Mahalanobis + OCSVM
  History Count : 70 sampel
  Score         : 0.8375
  Threshold     : 0.7000
  Speed Dev     : 22.4%
  Reason        : Score: 0.84 | ACCEPT
  --- Mahalanobis Gate ---
  Distance      : 2.5153
  Current Gate  : 7.0420
  --- OCSVM Gate ---
  AI Score      : 0.9997
  AI Status     : Normal (High Trust)
  --- Adaptive Gate ---
  Speed Gate    : 40.0%
  Threshold     : 0.7000
  --- Titanium Fusion Gate ---
  Rhythm    (40%) : 82.7%  [Euclidean Distance]
  Corr.     (20%) : 95.4%  [Pearson Coefficient]
  Speed     (20%) : 46.0%  [Global CPM]
  Flow      (20%) : 98.5%  [Acceleration]
  Ratio     (0%)  : 88.9%
  Stability (0%)  : 83.3%
  --- Raw Keystroke Data ---
  Speed         : 439.9800 char/s
  Dwell (10)    : [0.092, 0.169, 0.123, 0.063, 0.094, 0.108, 0.058, 0.076, 0.092, 0.101]
  Flight (9)   : [0.002, 0.103, 0.002, 0.130, 0.056, 0.136, 0.134, 0.046, 0.114]
  D2D (9)      : [0.094, 0.101, 0.125, 0.193, 0.150, 0.080, 0.191, 0.122, 0.206]
  U2U (9)      : [0.171, 0.056, 0.065, 0.224, 0.164, 0.030, 0.210, 0.138, 0.215]
  History Updated: Ya
------------------------------------------------------------
SUCCESS | User: bima
  User ID       : 289
  Method        : Mahalanobis + OCSVM
  History Count : 71 sampel
  Score         : 0.7159
  Threshold     : 0.7000
  Speed Dev     : 33.4%
  Reason        : Score: 0.72 | ACCEPT
  --- Mahalanobis Gate ---
  Distance      : 2.7203
  Current Gate  : 7.0422
  --- OCSVM Gate ---
  AI Score      : 0.8339
  AI Status     : Normal (High Trust)
  --- Adaptive Gate ---
  Speed Gate    : 40.0%
  Threshold     : 0.7000
  --- Titanium Fusion Gate ---
  Rhythm    (40%) : 70.5%  [Euclidean Distance]
  Corr.     (20%) : 90.4%  [Pearson Coefficient]
  Speed     (20%) : 24.7%  [Global CPM]
  Flow      (20%) : 92.7%  [Acceleration]
  Ratio     (0%)  : 89.1%
  Stability (0%)  : 69.5%
  --- Raw Keystroke Data ---
  Speed         : 419.4300 char/s
  Dwell (10)    : [0.098, 0.240, 0.138, 0.062, 0.080, 0.125, 0.077, 0.061, 0.113, 0.107]
  Flight (9)   : [0.013, 0.211, 0.080, 0.117, 0.069, 0.131, 0.125, 0.028, 0.099]
  D2D (9)      : [0.111, 0.198, 0.121, 0.179, 0.150, 0.062, 0.202, 0.089, 0.211]
  U2U (9)      : [0.253, 0.097, 0.045, 0.197, 0.194, 0.015, 0.186, 0.141, 0.206]
  History Updated: Ya
------------------------------------------------------------
SUCCESS | User: bima
  User ID       : 289
  Method        : Mahalanobis + OCSVM
  History Count : 72 sampel
  Score         : 0.8059
  Threshold     : 0.7000
  Speed Dev     : 18.3%
  Reason        : Score: 0.81 | ACCEPT
  --- Mahalanobis Gate ---
  Distance      : 4.2716
  Current Gate  : 7.0652
  --- OCSVM Gate ---
  AI Score      : 0.8738
  AI Status     : Normal (High Trust)
  --- Adaptive Gate ---
  Speed Gate    : 40.0%
  Threshold     : 0.7200
  --- Titanium Fusion Gate ---
  Rhythm    (40%) : 80.4%  [Euclidean Distance]
  Corr.     (20%) : 96.1%  [Pearson Coefficient]
  Speed     (20%) : 53.6%  [Global CPM]
  Flow      (20%) : 96.7%  [Acceleration]
  Ratio     (0%)  : 80.0%
  Stability (0%)  : 73.9%
  --- Raw Keystroke Data ---
  Speed         : 470.8500 char/s
  Dwell (10)    : [0.098, 0.164, 0.118, 0.082, 0.070, 0.116, 0.062, 0.052, 0.119, 0.073]
  Flight (9)   : [0.000, 0.063, 0.002, 0.109, 0.062, 0.166, 0.144, 0.002, 0.113]
  D2D (9)      : [0.066, 0.096, 0.121, 0.190, 0.131, 0.104, 0.207, 0.054, 0.233]
  U2U (9)      : [0.132, 0.050, 0.084, 0.179, 0.178, 0.051, 0.197, 0.121, 0.187]
  History Updated: Ya
------------------------------------------------------------
SUCCESS | User: bima
  User ID       : 289
  Method        : Mahalanobis + OCSVM
  History Count : 73 sampel
  Score         : 0.8370
  Threshold     : 0.7000
  Speed Dev     : 20.0%
  Reason        : Score: 0.84 | ACCEPT
  --- Mahalanobis Gate ---
  Distance      : 2.4256
  Current Gate  : 7.0985
  --- OCSVM Gate ---
  AI Score      : 0.9982
  AI Status     : Normal (High Trust)
  --- Adaptive Gate ---
  Speed Gate    : 40.0%
  Threshold     : 0.7000
  --- Titanium Fusion Gate ---
  Rhythm    (40%) : 79.9%  [Euclidean Distance]
  Corr.     (20%) : 94.8%  [Pearson Coefficient]
  Speed     (20%) : 50.5%  [Global CPM]
  Flow      (20%) : 92.8%  [Acceleration]
  Ratio     (0%)  : 92.9%
  Stability (0%)  : 86.9%
  --- Raw Keystroke Data ---
  Speed         : 477.9700 char/s
  Dwell (10)    : [0.091, 0.143, 0.131, 0.066, 0.071, 0.113, 0.063, 0.077, 0.113, 0.098]
  Flight (9)   : [0.000, 0.079, 0.059, 0.121, 0.054, 0.139, 0.131, 0.002, 0.099]
  D2D (9)      : [0.074, 0.096, 0.107, 0.187, 0.124, 0.086, 0.194, 0.079, 0.212]
  U2U (9)      : [0.126, 0.084, 0.041, 0.192, 0.167, 0.035, 0.208, 0.115, 0.196]
  History Updated: Ya
------------------------------------------------------------
